Frontend:
  impl: GEM5

MemorySystem:
  impl: GenericDRAM
  total_num_other_requests: 0
  total_num_write_requests: 4124
  total_num_read_requests: 48
  memory_system_cycles: 82353
  DRAM:
    impl: HBM2
  AddrMapper:
    impl: RoBaRaCoCh


  Controller:
    impl: Generic
    id: Channel 0
    avg_read_latency_0: 13.583333
    read_queue_len_avg_0: 0.00387356873
    write_queue_len_0: 4143
    queue_len_0: 4462
    num_other_reqs_0: 0
    num_write_reqs_0: 2062
    read_latency_0: 326
    priority_queue_len_avg_0: 0
    row_hits_0: 2082
    priority_queue_len_0: 0
    row_misses_0: 2
    row_conflicts_0: 1
    read_row_misses_0: 1
    queue_len_avg_0: 0.0541813895
    read_row_conflicts_core_0: 0
    read_row_hits_0: 23
    write_queue_len_avg_0: 0.0503078215
    read_row_conflicts_0: 0
    write_row_misses_0: 1
    write_row_conflicts_0: 1
    read_queue_len_0: 319
    write_row_hits_0: 2059
    read_row_hits_core_0: 23
    read_row_misses_core_0: 1
    num_read_reqs_0: 24
    Scheduler:
      impl: FRFCFS
    RefreshManager:
      impl: AllBank
    RowPolicy:
      impl: OpenRowPolicy
    ControllerPlugin:
      impl: TraceRecorder



  Controller:
    impl: Generic
    id: Channel 1
    read_queue_len_avg_1: 0.00387356873
    priority_queue_len_1: 0
    write_queue_len_1: 4141
    num_write_reqs_1: 2062
    row_hits_1: 2082
    row_misses_1: 2
    avg_read_latency_1: 13.583333
    queue_len_avg_1: 0.0541571043
    read_queue_len_1: 319
    read_row_misses_1: 1
    priority_queue_len_avg_1: 0
    read_row_hits_1: 23
    queue_len_1: 4460
    read_row_conflicts_1: 0
    num_read_reqs_1: 24
    num_other_reqs_1: 0
    row_conflicts_1: 1
    write_row_hits_1: 2059
    write_queue_len_avg_1: 0.0502835363
    write_row_misses_1: 1
    write_row_conflicts_1: 1
    read_row_hits_core_0: 23
    read_row_misses_core_0: 1
    read_latency_1: 326
    read_row_conflicts_core_0: 0
    Scheduler:
      impl: FRFCFS
    RefreshManager:
      impl: AllBank
    RowPolicy:
      impl: OpenRowPolicy
    ControllerPlugin:
      impl: TraceRecorder



